10.0.0.1 - - [03/Dec/2023:12:29:58 +0000] "GET /nifi-api/flow/status HTTP/1.1" 200 218 "http://localhost:8080/nifi/?processGroupId=b2dd3aff-9381-39af-34cc-48ec05992c03&componentIds=d08f7385-f859-321e-b5e1-2935bfc6fde2" "Mozilla/5.0 (Windows NT 10.0; Win64; x64) AppleWebKit/537.36 (KHTML, like Gecko) Chrome/118.0.0.0 Safari/537.36 OPR/104.0.0.0"
10.0.0.1 - - [03/Dec/2023:12:29:58 +0000] "GET /nifi-api/flow/cluster/summary HTTP/1.1" 200 93 "http://localhost:8080/nifi/?processGroupId=b2dd3aff-9381-39af-34cc-48ec05992c03&componentIds=d08f7385-f859-321e-b5e1-2935bfc6fde2" "Mozilla/5.0 (Windows NT 10.0; Win64; x64) AppleWebKit/537.36 (KHTML, like Gecko) Chrome/118.0.0.0 Safari/537.36 OPR/104.0.0.0"
10.0.0.1 - - [03/Dec/2023:12:29:58 +0000] "GET /nifi-api/flow/controller/bulletins HTTP/1.1" 200 109 "http://localhost:8080/nifi/?processGroupId=b2dd3aff-9381-39af-34cc-48ec05992c03&componentIds=d08f7385-f859-321e-b5e1-2935bfc6fde2" "Mozilla/5.0 (Windows NT 10.0; Win64; x64) AppleWebKit/537.36 (KHTML, like Gecko) Chrome/118.0.0.0 Safari/537.36 OPR/104.0.0.0"
10.0.0.1 - - [03/Dec/2023:12:29:58 +0000] "GET /nifi-api/flow/process-groups/b2dd3aff-9381-39af-34cc-48ec05992c03?uiOnly=true HTTP/1.1" 200 6971 "http://localhost:8080/nifi/?processGroupId=b2dd3aff-9381-39af-34cc-48ec05992c03&componentIds=d08f7385-f859-321e-b5e1-2935bfc6fde2" "Mozilla/5.0 (Windows NT 10.0; Win64; x64) AppleWebKit/537.36 (KHTML, like Gecko) Chrome/118.0.0.0 Safari/537.36 OPR/104.0.0.0"
10.0.0.1 - - [03/Dec/2023:12:29:58 +0000] "PUT /nifi-api/processors/d08f7385-f859-321e-b5e1-2935bfc6fde2 HTTP/1.1" 200 4779 "http://localhost:8080/nifi/?processGroupId=b2dd3aff-9381-39af-34cc-48ec05992c03&componentIds=d08f7385-f859-321e-b5e1-2935bfc6fde2" "Mozilla/5.0 (Windows NT 10.0; Win64; x64) AppleWebKit/537.36 (KHTML, like Gecko) Chrome/118.0.0.0 Safari/537.36 OPR/104.0.0.0"
10.0.0.1 - - [03/Dec/2023:12:29:58 +0000] "GET /nifi-api/connections/136de37c-4201-3f12-fc89-04fd55980762 HTTP/1.1" 200 900 "http://localhost:8080/nifi/?processGroupId=b2dd3aff-9381-39af-34cc-48ec05992c03&componentIds=d08f7385-f859-321e-b5e1-2935bfc6fde2" "Mozilla/5.0 (Windows NT 10.0; Win64; x64) AppleWebKit/537.36 (KHTML, like Gecko) Chrome/118.0.0.0 Safari/537.36 OPR/104.0.0.0"
10.0.0.1 - - [03/Dec/2023:12:29:59 +0000] "GET /nifi-api/flow/status HTTP/1.1" 200 218 "http://localhost:8080/nifi/?processGroupId=b2dd3aff-9381-39af-34cc-48ec05992c03&componentIds=d08f7385-f859-321e-b5e1-2935bfc6fde2" "Mozilla/5.0 (Windows NT 10.0; Win64; x64) AppleWebKit/537.36 (KHTML, like Gecko) Chrome/118.0.0.0 Safari/537.36 OPR/104.0.0.0"
10.0.0.1 - - [03/Dec/2023:12:29:59 +0000] "GET /nifi-api/flow/cluster/summary HTTP/1.1" 200 93 "http://localhost:8080/nifi/?processGroupId=b2dd3aff-9381-39af-34cc-48ec05992c03&componentIds=d08f7385-f859-321e-b5e1-2935bfc6fde2" "Mozilla/5.0 (Windows NT 10.0; Win64; x64) AppleWebKit/537.36 (KHTML, like Gecko) Chrome/118.0.0.0 Safari/537.36 OPR/104.0.0.0"
10.0.0.1 - - [03/Dec/2023:12:29:59 +0000] "GET /nifi-api/flow/current-user HTTP/1.1" 200 392 "http://localhost:8080/nifi/?processGroupId=b2dd3aff-9381-39af-34cc-48ec05992c03&componentIds=d08f7385-f859-321e-b5e1-2935bfc6fde2" "Mozilla/5.0 (Windows NT 10.0; Win64; x64) AppleWebKit/537.36 (KHTML, like Gecko) Chrome/118.0.0.0 Safari/537.36 OPR/104.0.0.0"
10.0.0.1 - - [03/Dec/2023:12:29:59 +0000] "GET /nifi-api/flow/controller/bulletins HTTP/1.1" 200 109 "http://localhost:8080/nifi/?processGroupId=b2dd3aff-9381-39af-34cc-48ec05992c03&componentIds=d08f7385-f859-321e-b5e1-2935bfc6fde2" "Mozilla/5.0 (Windows NT 10.0; Win64; x64) AppleWebKit/537.36 (KHTML, like Gecko) Chrome/118.0.0.0 Safari/537.36 OPR/104.0.0.0"
10.0.0.1 - - [03/Dec/2023:12:29:59 +0000] "GET /nifi-api/flow/process-groups/2f95160a-018c-1000-457f-f9a1462e2e95?uiOnly=true HTTP/1.1" 200 3195 "http://localhost:8080/nifi/?processGroupId=b2dd3aff-9381-39af-34cc-48ec05992c03&componentIds=d08f7385-f859-321e-b5e1-2935bfc6fde2" "Mozilla/5.0 (Windows NT 10.0; Win64; x64) AppleWebKit/537.36 (KHTML, like Gecko) Chrome/118.0.0.0 Safari/537.36 OPR/104.0.0.0"
10.0.0.7 - - [03/Dec/2023:12:30:07 +0000] "GET /nifi-api/flow/controller/bulletins HTTP/1.1" 200 109 "http://10.0.0.6:8080/nifi/" "Mozilla/5.0 (Windows NT 10.0; Win64; x64) AppleWebKit/537.36 (KHTML, like Gecko) Chrome/119.0.0.0 Safari/537.36"
10.0.0.7 - - [03/Dec/2023:12:30:07 +0000] "GET /nifi-api/flow/status HTTP/1.1" 200 218 "http://10.0.0.6:8080/nifi/" "Mozilla/5.0 (Windows NT 10.0; Win64; x64) AppleWebKit/537.36 (KHTML, like Gecko) Chrome/119.0.0.0 Safari/537.36"
10.0.0.7 - - [03/Dec/2023:12:30:07 +0000] "GET /nifi-api/flow/cluster/summary HTTP/1.1" 200 93 "http://10.0.0.6:8080/nifi/" "Mozilla/5.0 (Windows NT 10.0; Win64; x64) AppleWebKit/537.36 (KHTML, like Gecko) Chrome/119.0.0.0 Safari/537.36"
10.0.0.7 - - [03/Dec/2023:12:30:07 +0000] "GET /nifi-api/flow/current-user HTTP/1.1" 200 392 "http://10.0.0.6:8080/nifi/" "Mozilla/5.0 (Windows NT 10.0; Win64; x64) AppleWebKit/537.36 (KHTML, like Gecko) Chrome/119.0.0.0 Safari/537.36"
10.0.0.7 - - [03/Dec/2023:12:30:07 +0000] "GET /nifi-api/flow/process-groups/2f95160a-018c-1000-457f-f9a1462e2e95?uiOnly=true HTTP/1.1" 200 3195 "http://10.0.0.6:8080/nifi/" "Mozilla/5.0 (Windows NT 10.0; Win64; x64) AppleWebKit/537.36 (KHTML, like Gecko) Chrome/119.0.0.0 Safari/537.36"
10.0.0.1 - - [03/Dec/2023:12:30:07 +0000] "PUT /nifi-api/flow/process-groups/2f95160a-018c-1000-457f-f9a1462e2e95 HTTP/1.1" 200 82 "http://localhost:8080/nifi/" "Mozilla/5.0 (Windows NT 10.0; Win64; x64) AppleWebKit/537.36 (KHTML, like Gecko) Chrome/118.0.0.0 Safari/537.36 OPR/104.0.0.0"
10.0.0.1 - - [03/Dec/2023:12:30:07 +0000] "PUT /nifi-api/remote-process-groups/process-group/2f95160a-018c-1000-457f-f9a1462e2e95/run-status HTTP/1.1" 200 22 "http://localhost:8080/nifi/" "Mozilla/5.0 (Windows NT 10.0; Win64; x64) AppleWebKit/537.36 (KHTML, like Gecko) Chrome/118.0.0.0 Safari/537.36 OPR/104.0.0.0"
10.0.0.1 - - [03/Dec/2023:12:30:07 +0000] "GET /nifi-api/flow/process-groups/2f95160a-018c-1000-457f-f9a1462e2e95 HTTP/1.1" 200 3210 "http://localhost:8080/nifi/" "Mozilla/5.0 (Windows NT 10.0; Win64; x64) AppleWebKit/537.36 (KHTML, like Gecko) Chrome/118.0.0.0 Safari/537.36 OPR/104.0.0.0"
10.0.0.1 - - [03/Dec/2023:12:30:28 +0000] "GET /nifi-api/flow/controller/bulletins HTTP/1.1" 200 109 "http://localhost:8080/nifi/" "Mozilla/5.0 (Windows NT 10.0; Win64; x64) AppleWebKit/537.36 (KHTML, like Gecko) Chrome/118.0.0.0 Safari/537.36 OPR/104.0.0.0"
10.0.0.1 - - [03/Dec/2023:12:30:28 +0000] "GET /nifi-api/flow/current-user HTTP/1.1" 200 392 "http://localhost:8080/nifi/" "Mozilla/5.0 (Windows NT 10.0; Win64; x64) AppleWebKit/537.36 (KHTML, like Gecko) Chrome/118.0.0.0 Safari/537.36 OPR/104.0.0.0"
10.0.0.1 - - [03/Dec/2023:12:30:28 +0000] "GET /nifi-api/flow/cluster/summary HTTP/1.1" 200 93 "http://localhost:8080/nifi/" "Mozilla/5.0 (Windows NT 10.0; Win64; x64) AppleWebKit/537.36 (KHTML, like Gecko) Chrome/118.0.0.0 Safari/537.36 OPR/104.0.0.0"
10.0.0.1 - - [03/Dec/2023:12:30:28 +0000] "GET /nifi-api/flow/status HTTP/1.1" 200 216 "http://localhost:8080/nifi/" "Mozilla/5.0 (Windows NT 10.0; Win64; x64) AppleWebKit/537.36 (KHTML, like Gecko) Chrome/118.0.0.0 Safari/537.36 OPR/104.0.0.0"
10.0.0.1 - - [03/Dec/2023:12:30:28 +0000] "GET /nifi-api/flow/process-groups/2f95160a-018c-1000-457f-f9a1462e2e95?uiOnly=true HTTP/1.1" 200 3232 "http://localhost:8080/nifi/" "Mozilla/5.0 (Windows NT 10.0; Win64; x64) AppleWebKit/537.36 (KHTML, like Gecko) Chrome/118.0.0.0 Safari/537.36 OPR/104.0.0.0"
10.0.0.7 - - [03/Dec/2023:12:30:37 +0000] "GET /nifi-api/flow/controller/bulletins HTTP/1.1" 200 109 "http://10.0.0.6:8080/nifi/" "Mozilla/5.0 (Windows NT 10.0; Win64; x64) AppleWebKit/537.36 (KHTML, like Gecko) Chrome/119.0.0.0 Safari/537.36"
10.0.0.7 - - [03/Dec/2023:12:30:37 +0000] "GET /nifi-api/flow/cluster/summary HTTP/1.1" 200 93 "http://10.0.0.6:8080/nifi/" "Mozilla/5.0 (Windows NT 10.0; Win64; x64) AppleWebKit/537.36 (KHTML, like Gecko) Chrome/119.0.0.0 Safari/537.36"
10.0.0.7 - - [03/Dec/2023:12:30:37 +0000] "GET /nifi-api/flow/status HTTP/1.1" 200 214 "http://10.0.0.6:8080/nifi/" "Mozilla/5.0 (Windows NT 10.0; Win64; x64) AppleWebKit/537.36 (KHTML, like Gecko) Chrome/119.0.0.0 Safari/537.36"
10.0.0.7 - - [03/Dec/2023:12:30:37 +0000] "GET /nifi-api/flow/current-user HTTP/1.1" 200 392 "http://10.0.0.6:8080/nifi/" "Mozilla/5.0 (Windows NT 10.0; Win64; x64) AppleWebKit/537.36 (KHTML, like Gecko) Chrome/119.0.0.0 Safari/537.36"
10.0.0.7 - - [03/Dec/2023:12:30:37 +0000] "GET /nifi-api/flow/process-groups/2f95160a-018c-1000-457f-f9a1462e2e95?uiOnly=true HTTP/1.1" 200 3203 "http://10.0.0.6:8080/nifi/" "Mozilla/5.0 (Windows NT 10.0; Win64; x64) AppleWebKit/537.36 (KHTML, like Gecko) Chrome/119.0.0.0 Safari/537.36"
10.0.0.1 - - [03/Dec/2023:12:30:41 +0000] "PUT /nifi-api/remote-process-groups/process-group/2f95160a-018c-1000-457f-f9a1462e2e95/run-status HTTP/1.1" 200 22 "http://localhost:8080/nifi/" "Mozilla/5.0 (Windows NT 10.0; Win64; x64) AppleWebKit/537.36 (KHTML, like Gecko) Chrome/118.0.0.0 Safari/537.36 OPR/104.0.0.0"
10.0.0.1 - - [03/Dec/2023:12:30:41 +0000] "PUT /nifi-api/flow/process-groups/2f95160a-018c-1000-457f-f9a1462e2e95 HTTP/1.1" 200 82 "http://localhost:8080/nifi/" "Mozilla/5.0 (Windows NT 10.0; Win64; x64) AppleWebKit/537.36 (KHTML, like Gecko) Chrome/118.0.0.0 Safari/537.36 OPR/104.0.0.0"
10.0.0.1 - - [03/Dec/2023:12:30:41 +0000] "GET /nifi-api/flow/process-groups/2f95160a-018c-1000-457f-f9a1462e2e95 HTTP/1.1" 200 3204 "http://localhost:8080/nifi/" "Mozilla/5.0 (Windows NT 10.0; Win64; x64) AppleWebKit/537.36 (KHTML, like Gecko) Chrome/118.0.0.0 Safari/537.36 OPR/104.0.0.0"
10.0.0.1 - - [03/Dec/2023:12:30:43 +0000] "GET /nifi-api/flow/current-user HTTP/1.1" 200 392 "http://localhost:8080/nifi/?processGroupId=root&componentIds=b2dd3aff-9381-39af-34cc-48ec05992c03" "Mozilla/5.0 (Windows NT 10.0; Win64; x64) AppleWebKit/537.36 (KHTML, like Gecko) Chrome/118.0.0.0 Safari/537.36 OPR/104.0.0.0"
10.0.0.1 - - [03/Dec/2023:12:30:43 +0000] "GET /nifi-api/flow/status HTTP/1.1" 200 217 "http://localhost:8080/nifi/?processGroupId=root&componentIds=b2dd3aff-9381-39af-34cc-48ec05992c03" "Mozilla/5.0 (Windows NT 10.0; Win64; x64) AppleWebKit/537.36 (KHTML, like Gecko) Chrome/118.0.0.0 Safari/537.36 OPR/104.0.0.0"
10.0.0.1 - - [03/Dec/2023:12:30:43 +0000] "GET /nifi-api/flow/controller/bulletins HTTP/1.1" 200 109 "http://localhost:8080/nifi/?processGroupId=root&componentIds=b2dd3aff-9381-39af-34cc-48ec05992c03" "Mozilla/5.0 (Windows NT 10.0; Win64; x64) AppleWebKit/537.36 (KHTML, like Gecko) Chrome/118.0.0.0 Safari/537.36 OPR/104.0.0.0"
10.0.0.1 - - [03/Dec/2023:12:30:43 +0000] "GET /nifi-api/flow/cluster/summary HTTP/1.1" 200 93 "http://localhost:8080/nifi/?processGroupId=root&componentIds=b2dd3aff-9381-39af-34cc-48ec05992c03" "Mozilla/5.0 (Windows NT 10.0; Win64; x64) AppleWebKit/537.36 (KHTML, like Gecko) Chrome/118.0.0.0 Safari/537.36 OPR/104.0.0.0"
10.0.0.1 - - [03/Dec/2023:12:30:43 +0000] "GET /nifi-api/flow/process-groups/b2dd3aff-9381-39af-34cc-48ec05992c03?uiOnly=true HTTP/1.1" 200 6648 "http://localhost:8080/nifi/?processGroupId=root&componentIds=b2dd3aff-9381-39af-34cc-48ec05992c03" "Mozilla/5.0 (Windows NT 10.0; Win64; x64) AppleWebKit/537.36 (KHTML, like Gecko) Chrome/118.0.0.0 Safari/537.36 OPR/104.0.0.0"
10.0.0.1 - - [03/Dec/2023:12:30:53 +0000] "GET /nifi-api/flow/history/components/586ad9b4-0d08-3d1e-76c9-0ebb34e6e7ca HTTP/1.1" 200 189 "http://localhost:8080/nifi/?processGroupId=b2dd3aff-9381-39af-34cc-48ec05992c03&componentIds=586ad9b4-0d08-3d1e-76c9-0ebb34e6e7ca" "Mozilla/5.0 (Windows NT 10.0; Win64; x64) AppleWebKit/537.36 (KHTML, like Gecko) Chrome/118.0.0.0 Safari/537.36 OPR/104.0.0.0"
10.0.0.1 - - [03/Dec/2023:12:30:53 +0000] "GET /nifi-api/processors/586ad9b4-0d08-3d1e-76c9-0ebb34e6e7ca HTTP/1.1" 200 4708 "http://localhost:8080/nifi/?processGroupId=b2dd3aff-9381-39af-34cc-48ec05992c03&componentIds=586ad9b4-0d08-3d1e-76c9-0ebb34e6e7ca" "Mozilla/5.0 (Windows NT 10.0; Win64; x64) AppleWebKit/537.36 (KHTML, like Gecko) Chrome/118.0.0.0 Safari/537.36 OPR/104.0.0.0"
10.0.0.1 - - [03/Dec/2023:12:30:58 +0000] "GET /nifi-api/flow/current-user HTTP/1.1" 200 392 "http://localhost:8080/nifi/?processGroupId=b2dd3aff-9381-39af-34cc-48ec05992c03&componentIds=586ad9b4-0d08-3d1e-76c9-0ebb34e6e7ca" "Mozilla/5.0 (Windows NT 10.0; Win64; x64) AppleWebKit/537.36 (KHTML, like Gecko) Chrome/118.0.0.0 Safari/537.36 OPR/104.0.0.0"
10.0.0.1 - - [03/Dec/2023:12:30:58 +0000] "GET /nifi-api/flow/cluster/summary HTTP/1.1" 200 93 "http://localhost:8080/nifi/?processGroupId=b2dd3aff-9381-39af-34cc-48ec05992c03&componentIds=586ad9b4-0d08-3d1e-76c9-0ebb34e6e7ca" "Mozilla/5.0 (Windows NT 10.0; Win64; x64) AppleWebKit/537.36 (KHTML, like Gecko) Chrome/118.0.0.0 Safari/537.36 OPR/104.0.0.0"
10.0.0.1 - - [03/Dec/2023:12:30:58 +0000] "GET /nifi-api/flow/controller/bulletins HTTP/1.1" 200 109 "http://localhost:8080/nifi/?processGroupId=b2dd3aff-9381-39af-34cc-48ec05992c03&componentIds=586ad9b4-0d08-3d1e-76c9-0ebb34e6e7ca" "Mozilla/5.0 (Windows NT 10.0; Win64; x64) AppleWebKit/537.36 (KHTML, like Gecko) Chrome/118.0.0.0 Safari/537.36 OPR/104.0.0.0"
10.0.0.1 - - [03/Dec/2023:12:30:58 +0000] "GET /nifi-api/flow/status HTTP/1.1" 200 217 "http://localhost:8080/nifi/?processGroupId=b2dd3aff-9381-39af-34cc-48ec05992c03&componentIds=586ad9b4-0d08-3d1e-76c9-0ebb34e6e7ca" "Mozilla/5.0 (Windows NT 10.0; Win64; x64) AppleWebKit/537.36 (KHTML, like Gecko) Chrome/118.0.0.0 Safari/537.36 OPR/104.0.0.0"
10.0.0.1 - - [03/Dec/2023:12:30:58 +0000] "GET /nifi-api/flow/process-groups/b2dd3aff-9381-39af-34cc-48ec05992c03?uiOnly=true HTTP/1.1" 200 6649 "http://localhost:8080/nifi/?processGroupId=b2dd3aff-9381-39af-34cc-48ec05992c03&componentIds=586ad9b4-0d08-3d1e-76c9-0ebb34e6e7ca" "Mozilla/5.0 (Windows NT 10.0; Win64; x64) AppleWebKit/537.36 (KHTML, like Gecko) Chrome/118.0.0.0 Safari/537.36 OPR/104.0.0.0"
10.0.0.1 - - [03/Dec/2023:12:31:05 +0000] "PUT /nifi-api/processors/586ad9b4-0d08-3d1e-76c9-0ebb34e6e7ca HTTP/1.1" 200 4729 "http://localhost:8080/nifi/?processGroupId=b2dd3aff-9381-39af-34cc-48ec05992c03&componentIds=586ad9b4-0d08-3d1e-76c9-0ebb34e6e7ca" "Mozilla/5.0 (Windows NT 10.0; Win64; x64) AppleWebKit/537.36 (KHTML, like Gecko) Chrome/118.0.0.0 Safari/537.36 OPR/104.0.0.0"
10.0.0.1 - - [03/Dec/2023:12:31:05 +0000] "GET /nifi-api/connections/3e64275e-6e5a-3007-2c68-33369a27b9ac HTTP/1.1" 200 899 "http://localhost:8080/nifi/?processGroupId=b2dd3aff-9381-39af-34cc-48ec05992c03&componentIds=586ad9b4-0d08-3d1e-76c9-0ebb34e6e7ca" "Mozilla/5.0 (Windows NT 10.0; Win64; x64) AppleWebKit/537.36 (KHTML, like Gecko) Chrome/118.0.0.0 Safari/537.36 OPR/104.0.0.0"
10.0.0.7 - - [03/Dec/2023:12:31:07 +0000] "GET /nifi-api/flow/status HTTP/1.1" 200 217 "http://10.0.0.6:8080/nifi/" "Mozilla/5.0 (Windows NT 10.0; Win64; x64) AppleWebKit/537.36 (KHTML, like Gecko) Chrome/119.0.0.0 Safari/537.36"
10.0.0.7 - - [03/Dec/2023:12:31:07 +0000] "GET /nifi-api/flow/controller/bulletins HTTP/1.1" 200 109 "http://10.0.0.6:8080/nifi/" "Mozilla/5.0 (Windows NT 10.0; Win64; x64) AppleWebKit/537.36 (KHTML, like Gecko) Chrome/119.0.0.0 Safari/537.36"
10.0.0.7 - - [03/Dec/2023:12:31:07 +0000] "GET /nifi-api/flow/current-user HTTP/1.1" 200 392 "http://10.0.0.6:8080/nifi/" "Mozilla/5.0 (Windows NT 10.0; Win64; x64) AppleWebKit/537.36 (KHTML, like Gecko) Chrome/119.0.0.0 Safari/537.36"
10.0.0.7 - - [03/Dec/2023:12:31:07 +0000] "GET /nifi-api/flow/cluster/summary HTTP/1.1" 200 93 "http://10.0.0.6:8080/nifi/" "Mozilla/5.0 (Windows NT 10.0; Win64; x64) AppleWebKit/537.36 (KHTML, like Gecko) Chrome/119.0.0.0 Safari/537.36"
10.0.0.7 - - [03/Dec/2023:12:31:07 +0000] "GET /nifi-api/flow/process-groups/2f95160a-018c-1000-457f-f9a1462e2e95?uiOnly=true HTTP/1.1" 200 3202 "http://10.0.0.6:8080/nifi/" "Mozilla/5.0 (Windows NT 10.0; Win64; x64) AppleWebKit/537.36 (KHTML, like Gecko) Chrome/119.0.0.0 Safari/537.36"
10.0.0.1 - - [03/Dec/2023:12:31:25 +0000] "GET /nifi-api/processors/586ad9b4-0d08-3d1e-76c9-0ebb34e6e7ca HTTP/1.1" 200 4710 "http://localhost:8080/nifi/?processGroupId=b2dd3aff-9381-39af-34cc-48ec05992c03&componentIds=586ad9b4-0d08-3d1e-76c9-0ebb34e6e7ca" "Mozilla/5.0 (Windows NT 10.0; Win64; x64) AppleWebKit/537.36 (KHTML, like Gecko) Chrome/118.0.0.0 Safari/537.36 OPR/104.0.0.0"
10.0.0.1 - - [03/Dec/2023:12:31:25 +0000] "GET /nifi-api/flow/history/components/586ad9b4-0d08-3d1e-76c9-0ebb34e6e7ca HTTP/1.1" 200 189 "http://localhost:8080/nifi/?processGroupId=b2dd3aff-9381-39af-34cc-48ec05992c03&componentIds=586ad9b4-0d08-3d1e-76c9-0ebb34e6e7ca" "Mozilla/5.0 (Windows NT 10.0; Win64; x64) AppleWebKit/537.36 (KHTML, like Gecko) Chrome/118.0.0.0 Safari/537.36 OPR/104.0.0.0"
10.0.0.1 - - [03/Dec/2023:12:31:28 +0000] "GET /nifi-api/flow/status HTTP/1.1" 200 217 "http://localhost:8080/nifi/?processGroupId=b2dd3aff-9381-39af-34cc-48ec05992c03&componentIds=586ad9b4-0d08-3d1e-76c9-0ebb34e6e7ca" "Mozilla/5.0 (Windows NT 10.0; Win64; x64) AppleWebKit/537.36 (KHTML, like Gecko) Chrome/118.0.0.0 Safari/537.36 OPR/104.0.0.0"
10.0.0.1 - - [03/Dec/2023:12:31:28 +0000] "GET /nifi-api/flow/controller/bulletins HTTP/1.1" 200 109 "http://localhost:8080/nifi/?processGroupId=b2dd3aff-9381-39af-34cc-48ec05992c03&componentIds=586ad9b4-0d08-3d1e-76c9-0ebb34e6e7ca" "Mozilla/5.0 (Windows NT 10.0; Win64; x64) AppleWebKit/537.36 (KHTML, like Gecko) Chrome/118.0.0.0 Safari/537.36 OPR/104.0.0.0"
10.0.0.1 - - [03/Dec/2023:12:31:28 +0000] "GET /nifi-api/flow/current-user HTTP/1.1" 200 392 "http://localhost:8080/nifi/?processGroupId=b2dd3aff-9381-39af-34cc-48ec05992c03&componentIds=586ad9b4-0d08-3d1e-76c9-0ebb34e6e7ca" "Mozilla/5.0 (Windows NT 10.0; Win64; x64) AppleWebKit/537.36 (KHTML, like Gecko) Chrome/118.0.0.0 Safari/537.36 OPR/104.0.0.0"
10.0.0.1 - - [03/Dec/2023:12:31:28 +0000] "GET /nifi-api/flow/cluster/summary HTTP/1.1" 200 93 "http://localhost:8080/nifi/?processGroupId=b2dd3aff-9381-39af-34cc-48ec05992c03&componentIds=586ad9b4-0d08-3d1e-76c9-0ebb34e6e7ca" "Mozilla/5.0 (Windows NT 10.0; Win64; x64) AppleWebKit/537.36 (KHTML, like Gecko) Chrome/118.0.0.0 Safari/537.36 OPR/104.0.0.0"
10.0.0.1 - - [03/Dec/2023:12:31:28 +0000] "GET /nifi-api/flow/process-groups/b2dd3aff-9381-39af-34cc-48ec05992c03?uiOnly=true HTTP/1.1" 200 6653 "http://localhost:8080/nifi/?processGroupId=b2dd3aff-9381-39af-34cc-48ec05992c03&componentIds=586ad9b4-0d08-3d1e-76c9-0ebb34e6e7ca" "Mozilla/5.0 (Windows NT 10.0; Win64; x64) AppleWebKit/537.36 (KHTML, like Gecko) Chrome/118.0.0.0 Safari/537.36 OPR/104.0.0.0"
10.0.0.7 - - [03/Dec/2023:12:31:37 +0000] "GET /nifi-api/flow/cluster/summary HTTP/1.1" 200 93 "http://10.0.0.6:8080/nifi/" "Mozilla/5.0 (Windows NT 10.0; Win64; x64) AppleWebKit/537.36 (KHTML, like Gecko) Chrome/119.0.0.0 Safari/537.36"
10.0.0.7 - - [03/Dec/2023:12:31:37 +0000] "GET /nifi-api/flow/current-user HTTP/1.1" 200 392 "http://10.0.0.6:8080/nifi/" "Mozilla/5.0 (Windows NT 10.0; Win64; x64) AppleWebKit/537.36 (KHTML, like Gecko) Chrome/119.0.0.0 Safari/537.36"
10.0.0.7 - - [03/Dec/2023:12:31:37 +0000] "GET /nifi-api/flow/status HTTP/1.1" 200 217 "http://10.0.0.6:8080/nifi/" "Mozilla/5.0 (Windows NT 10.0; Win64; x64) AppleWebKit/537.36 (KHTML, like Gecko) Chrome/119.0.0.0 Safari/537.36"
10.0.0.7 - - [03/Dec/2023:12:31:37 +0000] "GET /nifi-api/flow/controller/bulletins HTTP/1.1" 200 109 "http://10.0.0.6:8080/nifi/" "Mozilla/5.0 (Windows NT 10.0; Win64; x64) AppleWebKit/537.36 (KHTML, like Gecko) Chrome/119.0.0.0 Safari/537.36"
10.0.0.7 - - [03/Dec/2023:12:31:37 +0000] "GET /nifi-api/flow/process-groups/2f95160a-018c-1000-457f-f9a1462e2e95?uiOnly=true HTTP/1.1" 200 3214 "http://10.0.0.6:8080/nifi/" "Mozilla/5.0 (Windows NT 10.0; Win64; x64) AppleWebKit/537.36 (KHTML, like Gecko) Chrome/119.0.0.0 Safari/537.36"
10.0.0.1 - - [03/Dec/2023:12:31:58 +0000] "GET /nifi-api/flow/status HTTP/1.1" 200 217 "http://localhost:8080/nifi/?processGroupId=b2dd3aff-9381-39af-34cc-48ec05992c03&componentIds=586ad9b4-0d08-3d1e-76c9-0ebb34e6e7ca" "Mozilla/5.0 (Windows NT 10.0; Win64; x64) AppleWebKit/537.36 (KHTML, like Gecko) Chrome/118.0.0.0 Safari/537.36 OPR/104.0.0.0"
10.0.0.1 - - [03/Dec/2023:12:31:58 +0000] "GET /nifi-api/flow/cluster/summary HTTP/1.1" 200 93 "http://localhost:8080/nifi/?processGroupId=b2dd3aff-9381-39af-34cc-48ec05992c03&componentIds=586ad9b4-0d08-3d1e-76c9-0ebb34e6e7ca" "Mozilla/5.0 (Windows NT 10.0; Win64; x64) AppleWebKit/537.36 (KHTML, like Gecko) Chrome/118.0.0.0 Safari/537.36 OPR/104.0.0.0"
10.0.0.1 - - [03/Dec/2023:12:31:58 +0000] "GET /nifi-api/flow/controller/bulletins HTTP/1.1" 200 109 "http://localhost:8080/nifi/?processGroupId=b2dd3aff-9381-39af-34cc-48ec05992c03&componentIds=586ad9b4-0d08-3d1e-76c9-0ebb34e6e7ca" "Mozilla/5.0 (Windows NT 10.0; Win64; x64) AppleWebKit/537.36 (KHTML, like Gecko) Chrome/118.0.0.0 Safari/537.36 OPR/104.0.0.0"
10.0.0.1 - - [03/Dec/2023:12:31:58 +0000] "GET /nifi-api/flow/current-user HTTP/1.1" 200 392 "http://localhost:8080/nifi/?processGroupId=b2dd3aff-9381-39af-34cc-48ec05992c03&componentIds=586ad9b4-0d08-3d1e-76c9-0ebb34e6e7ca" "Mozilla/5.0 (Windows NT 10.0; Win64; x64) AppleWebKit/537.36 (KHTML, like Gecko) Chrome/118.0.0.0 Safari/537.36 OPR/104.0.0.0"
10.0.0.1 - - [03/Dec/2023:12:31:58 +0000] "GET /nifi-api/flow/process-groups/b2dd3aff-9381-39af-34cc-48ec05992c03?uiOnly=true HTTP/1.1" 200 6653 "http://localhost:8080/nifi/?processGroupId=b2dd3aff-9381-39af-34cc-48ec05992c03&componentIds=586ad9b4-0d08-3d1e-76c9-0ebb34e6e7ca" "Mozilla/5.0 (Windows NT 10.0; Win64; x64) AppleWebKit/537.36 (KHTML, like Gecko) Chrome/118.0.0.0 Safari/537.36 OPR/104.0.0.0"
10.0.0.7 - - [03/Dec/2023:12:32:07 +0000] "GET /nifi-api/flow/current-user HTTP/1.1" 200 392 "http://10.0.0.6:8080/nifi/" "Mozilla/5.0 (Windows NT 10.0; Win64; x64) AppleWebKit/537.36 (KHTML, like Gecko) Chrome/119.0.0.0 Safari/537.36"
10.0.0.7 - - [03/Dec/2023:12:32:07 +0000] "GET /nifi-api/flow/status HTTP/1.1" 200 217 "http://10.0.0.6:8080/nifi/" "Mozilla/5.0 (Windows NT 10.0; Win64; x64) AppleWebKit/537.36 (KHTML, like Gecko) Chrome/119.0.0.0 Safari/537.36"
10.0.0.7 - - [03/Dec/2023:12:32:07 +0000] "GET /nifi-api/flow/controller/bulletins HTTP/1.1" 200 109 "http://10.0.0.6:8080/nifi/" "Mozilla/5.0 (Windows NT 10.0; Win64; x64) AppleWebKit/537.36 (KHTML, like Gecko) Chrome/119.0.0.0 Safari/537.36"
10.0.0.7 - - [03/Dec/2023:12:32:07 +0000] "GET /nifi-api/flow/cluster/summary HTTP/1.1" 200 93 "http://10.0.0.6:8080/nifi/" "Mozilla/5.0 (Windows NT 10.0; Win64; x64) AppleWebKit/537.36 (KHTML, like Gecko) Chrome/119.0.0.0 Safari/537.36"
10.0.0.7 - - [03/Dec/2023:12:32:07 +0000] "GET /nifi-api/flow/process-groups/2f95160a-018c-1000-457f-f9a1462e2e95?uiOnly=true HTTP/1.1" 200 3070 "http://10.0.0.6:8080/nifi/" "Mozilla/5.0 (Windows NT 10.0; Win64; x64) AppleWebKit/537.36 (KHTML, like Gecko) Chrome/119.0.0.0 Safari/537.36"
10.0.0.1 - - [03/Dec/2023:12:32:29 +0000] "GET /nifi-api/flow/status HTTP/1.1" 200 217 "http://localhost:8080/nifi/?processGroupId=b2dd3aff-9381-39af-34cc-48ec05992c03&componentIds=" "Mozilla/5.0 (Windows NT 10.0; Win64; x64) AppleWebKit/537.36 (KHTML, like Gecko) Chrome/118.0.0.0 Safari/537.36 OPR/104.0.0.0"
10.0.0.1 - - [03/Dec/2023:12:32:29 +0000] "GET /nifi-api/flow/controller/bulletins HTTP/1.1" 200 109 "http://localhost:8080/nifi/?processGroupId=b2dd3aff-9381-39af-34cc-48ec05992c03&componentIds=" "Mozilla/5.0 (Windows NT 10.0; Win64; x64) AppleWebKit/537.36 (KHTML, like Gecko) Chrome/118.0.0.0 Safari/537.36 OPR/104.0.0.0"
10.0.0.1 - - [03/Dec/2023:12:32:29 +0000] "GET /nifi-api/flow/cluster/summary HTTP/1.1" 200 93 "http://localhost:8080/nifi/?processGroupId=b2dd3aff-9381-39af-34cc-48ec05992c03&componentIds=" "Mozilla/5.0 (Windows NT 10.0; Win64; x64) AppleWebKit/537.36 (KHTML, like Gecko) Chrome/118.0.0.0 Safari/537.36 OPR/104.0.0.0"
10.0.0.1 - - [03/Dec/2023:12:32:29 +0000] "GET /nifi-api/flow/current-user HTTP/1.1" 200 392 "http://localhost:8080/nifi/?processGroupId=b2dd3aff-9381-39af-34cc-48ec05992c03&componentIds=" "Mozilla/5.0 (Windows NT 10.0; Win64; x64) AppleWebKit/537.36 (KHTML, like Gecko) Chrome/118.0.0.0 Safari/537.36 OPR/104.0.0.0"
10.0.0.1 - - [03/Dec/2023:12:32:29 +0000] "GET /nifi-api/flow/process-groups/b2dd3aff-9381-39af-34cc-48ec05992c03?uiOnly=true HTTP/1.1" 200 6653 "http://localhost:8080/nifi/?processGroupId=b2dd3aff-9381-39af-34cc-48ec05992c03&componentIds=" "Mozilla/5.0 (Windows NT 10.0; Win64; x64) AppleWebKit/537.36 (KHTML, like Gecko) Chrome/118.0.0.0 Safari/537.36 OPR/104.0.0.0"
10.0.0.7 - - [03/Dec/2023:12:32:38 +0000] "GET /nifi-api/flow/cluster/summary HTTP/1.1" 200 93 "http://10.0.0.6:8080/nifi/" "Mozilla/5.0 (Windows NT 10.0; Win64; x64) AppleWebKit/537.36 (KHTML, like Gecko) Chrome/119.0.0.0 Safari/537.36"
10.0.0.7 - - [03/Dec/2023:12:32:38 +0000] "GET /nifi-api/flow/status HTTP/1.1" 200 217 "http://10.0.0.6:8080/nifi/" "Mozilla/5.0 (Windows NT 10.0; Win64; x64) AppleWebKit/537.36 (KHTML, like Gecko) Chrome/119.0.0.0 Safari/537.36"
10.0.0.7 - - [03/Dec/2023:12:32:38 +0000] "GET /nifi-api/flow/controller/bulletins HTTP/1.1" 200 109 "http://10.0.0.6:8080/nifi/" "Mozilla/5.0 (Windows NT 10.0; Win64; x64) AppleWebKit/537.36 (KHTML, like Gecko) Chrome/119.0.0.0 Safari/537.36"
10.0.0.7 - - [03/Dec/2023:12:32:38 +0000] "GET /nifi-api/flow/current-user HTTP/1.1" 200 392 "http://10.0.0.6:8080/nifi/" "Mozilla/5.0 (Windows NT 10.0; Win64; x64) AppleWebKit/537.36 (KHTML, like Gecko) Chrome/119.0.0.0 Safari/537.36"
10.0.0.7 - - [03/Dec/2023:12:32:38 +0000] "GET /nifi-api/flow/process-groups/2f95160a-018c-1000-457f-f9a1462e2e95?uiOnly=true HTTP/1.1" 200 3045 "http://10.0.0.6:8080/nifi/" "Mozilla/5.0 (Windows NT 10.0; Win64; x64) AppleWebKit/537.36 (KHTML, like Gecko) Chrome/119.0.0.0 Safari/537.36"
10.0.0.1 - - [03/Dec/2023:12:32:42 +0000] "GET /nifi-api/flow/controller/bulletins HTTP/1.1" 200 109 "http://localhost:8080/nifi/?processGroupId=b2dd3aff-9381-39af-34cc-48ec05992c03&componentIds=" "Mozilla/5.0 (Windows NT 10.0; Win64; x64) AppleWebKit/537.36 (KHTML, like Gecko) Chrome/118.0.0.0 Safari/537.36 OPR/104.0.0.0"
10.0.0.1 - - [03/Dec/2023:12:32:42 +0000] "GET /nifi-api/flow/status HTTP/1.1" 200 217 "http://localhost:8080/nifi/?processGroupId=b2dd3aff-9381-39af-34cc-48ec05992c03&componentIds=" "Mozilla/5.0 (Windows NT 10.0; Win64; x64) AppleWebKit/537.36 (KHTML, like Gecko) Chrome/118.0.0.0 Safari/537.36 OPR/104.0.0.0"
10.0.0.1 - - [03/Dec/2023:12:32:42 +0000] "GET /nifi-api/flow/cluster/summary HTTP/1.1" 200 93 "http://localhost:8080/nifi/?processGroupId=b2dd3aff-9381-39af-34cc-48ec05992c03&componentIds=" "Mozilla/5.0 (Windows NT 10.0; Win64; x64) AppleWebKit/537.36 (KHTML, like Gecko) Chrome/118.0.0.0 Safari/537.36 OPR/104.0.0.0"
10.0.0.1 - - [03/Dec/2023:12:32:42 +0000] "GET /nifi-api/flow/current-user HTTP/1.1" 200 392 "http://localhost:8080/nifi/?processGroupId=b2dd3aff-9381-39af-34cc-48ec05992c03&componentIds=" "Mozilla/5.0 (Windows NT 10.0; Win64; x64) AppleWebKit/537.36 (KHTML, like Gecko) Chrome/118.0.0.0 Safari/537.36 OPR/104.0.0.0"
10.0.0.1 - - [03/Dec/2023:12:32:42 +0000] "GET /nifi-api/flow/process-groups/2f95160a-018c-1000-457f-f9a1462e2e95?uiOnly=true HTTP/1.1" 200 3046 "http://localhost:8080/nifi/?processGroupId=b2dd3aff-9381-39af-34cc-48ec05992c03&componentIds=" "Mozilla/5.0 (Windows NT 10.0; Win64; x64) AppleWebKit/537.36 (KHTML, like Gecko) Chrome/118.0.0.0 Safari/537.36 OPR/104.0.0.0"
10.0.0.1 - - [03/Dec/2023:12:33:00 +0000] "GET /nifi-api/flow/current-user HTTP/1.1" 200 392 "http://localhost:8080/nifi/" "Mozilla/5.0 (Windows NT 10.0; Win64; x64) AppleWebKit/537.36 (KHTML, like Gecko) Chrome/118.0.0.0 Safari/537.36 OPR/104.0.0.0"
10.0.0.1 - - [03/Dec/2023:12:33:00 +0000] "GET /nifi-api/flow/status HTTP/1.1" 200 217 "http://localhost:8080/nifi/" "Mozilla/5.0 (Windows NT 10.0; Win64; x64) AppleWebKit/537.36 (KHTML, like Gecko) Chrome/118.0.0.0 Safari/537.36 OPR/104.0.0.0"
10.0.0.1 - - [03/Dec/2023:12:33:00 +0000] "GET /nifi-api/flow/controller/bulletins HTTP/1.1" 200 109 "http://localhost:8080/nifi/" "Mozilla/5.0 (Windows NT 10.0; Win64; x64) AppleWebKit/537.36 (KHTML, like Gecko) Chrome/118.0.0.0 Safari/537.36 OPR/104.0.0.0"
10.0.0.1 - - [03/Dec/2023:12:33:00 +0000] "GET /nifi-api/flow/cluster/summary HTTP/1.1" 200 93 "http://localhost:8080/nifi/" "Mozilla/5.0 (Windows NT 10.0; Win64; x64) AppleWebKit/537.36 (KHTML, like Gecko) Chrome/118.0.0.0 Safari/537.36 OPR/104.0.0.0"
10.0.0.1 - - [03/Dec/2023:12:33:00 +0000] "GET /nifi-api/flow/process-groups/2f95160a-018c-1000-457f-f9a1462e2e95?uiOnly=true HTTP/1.1" 200 3046 "http://localhost:8080/nifi/" "Mozilla/5.0 (Windows NT 10.0; Win64; x64) AppleWebKit/537.36 (KHTML, like Gecko) Chrome/118.0.0.0 Safari/537.36 OPR/104.0.0.0"
10.0.0.7 - - [03/Dec/2023:12:33:08 +0000] "GET /nifi-api/flow/status HTTP/1.1" 200 217 "http://10.0.0.6:8080/nifi/" "Mozilla/5.0 (Windows NT 10.0; Win64; x64) AppleWebKit/537.36 (KHTML, like Gecko) Chrome/119.0.0.0 Safari/537.36"
10.0.0.7 - - [03/Dec/2023:12:33:08 +0000] "GET /nifi-api/flow/current-user HTTP/1.1" 200 392 "http://10.0.0.6:8080/nifi/" "Mozilla/5.0 (Windows NT 10.0; Win64; x64) AppleWebKit/537.36 (KHTML, like Gecko) Chrome/119.0.0.0 Safari/537.36"
10.0.0.7 - - [03/Dec/2023:12:33:08 +0000] "GET /nifi-api/flow/cluster/summary HTTP/1.1" 200 93 "http://10.0.0.6:8080/nifi/" "Mozilla/5.0 (Windows NT 10.0; Win64; x64) AppleWebKit/537.36 (KHTML, like Gecko) Chrome/119.0.0.0 Safari/537.36"
10.0.0.7 - - [03/Dec/2023:12:33:08 +0000] "GET /nifi-api/flow/controller/bulletins HTTP/1.1" 200 109 "http://10.0.0.6:8080/nifi/" "Mozilla/5.0 (Windows NT 10.0; Win64; x64) AppleWebKit/537.36 (KHTML, like Gecko) Chrome/119.0.0.0 Safari/537.36"
10.0.0.7 - - [03/Dec/2023:12:33:08 +0000] "GET /nifi-api/flow/process-groups/2f95160a-018c-1000-457f-f9a1462e2e95?uiOnly=true HTTP/1.1" 200 3045 "http://10.0.0.6:8080/nifi/" "Mozilla/5.0 (Windows NT 10.0; Win64; x64) AppleWebKit/537.36 (KHTML, like Gecko) Chrome/119.0.0.0 Safari/537.36"
10.0.0.1 - - [03/Dec/2023:12:33:31 +0000] "GET /nifi-api/flow/controller/bulletins HTTP/1.1" 200 109 "http://localhost:8080/nifi/" "Mozilla/5.0 (Windows NT 10.0; Win64; x64) AppleWebKit/537.36 (KHTML, like Gecko) Chrome/118.0.0.0 Safari/537.36 OPR/104.0.0.0"
10.0.0.1 - - [03/Dec/2023:12:33:31 +0000] "GET /nifi-api/flow/status HTTP/1.1" 200 217 "http://localhost:8080/nifi/" "Mozilla/5.0 (Windows NT 10.0; Win64; x64) AppleWebKit/537.36 (KHTML, like Gecko) Chrome/118.0.0.0 Safari/537.36 OPR/104.0.0.0"
10.0.0.1 - - [03/Dec/2023:12:33:31 +0000] "GET /nifi-api/flow/current-user HTTP/1.1" 200 392 "http://localhost:8080/nifi/" "Mozilla/5.0 (Windows NT 10.0; Win64; x64) AppleWebKit/537.36 (KHTML, like Gecko) Chrome/118.0.0.0 Safari/537.36 OPR/104.0.0.0"
10.0.0.1 - - [03/Dec/2023:12:33:31 +0000] "GET /nifi-api/flow/cluster/summary HTTP/1.1" 200 93 "http://localhost:8080/nifi/" "Mozilla/5.0 (Windows NT 10.0; Win64; x64) AppleWebKit/537.36 (KHTML, like Gecko) Chrome/118.0.0.0 Safari/537.36 OPR/104.0.0.0"
10.0.0.1 - - [03/Dec/2023:12:33:31 +0000] "GET /nifi-api/flow/process-groups/2f95160a-018c-1000-457f-f9a1462e2e95?uiOnly=true HTTP/1.1" 200 3046 "http://localhost:8080/nifi/" "Mozilla/5.0 (Windows NT 10.0; Win64; x64) AppleWebKit/537.36 (KHTML, like Gecko) Chrome/118.0.0.0 Safari/537.36 OPR/104.0.0.0"
10.0.0.7 - - [03/Dec/2023:12:33:38 +0000] "GET /nifi-api/flow/cluster/summary HTTP/1.1" 200 93 "http://10.0.0.6:8080/nifi/" "Mozilla/5.0 (Windows NT 10.0; Win64; x64) AppleWebKit/537.36 (KHTML, like Gecko) Chrome/119.0.0.0 Safari/537.36"
10.0.0.7 - - [03/Dec/2023:12:33:38 +0000] "GET /nifi-api/flow/controller/bulletins HTTP/1.1" 200 109 "http://10.0.0.6:8080/nifi/" "Mozilla/5.0 (Windows NT 10.0; Win64; x64) AppleWebKit/537.36 (KHTML, like Gecko) Chrome/119.0.0.0 Safari/537.36"
10.0.0.7 - - [03/Dec/2023:12:33:38 +0000] "GET /nifi-api/flow/current-user HTTP/1.1" 200 392 "http://10.0.0.6:8080/nifi/" "Mozilla/5.0 (Windows NT 10.0; Win64; x64) AppleWebKit/537.36 (KHTML, like Gecko) Chrome/119.0.0.0 Safari/537.36"
10.0.0.7 - - [03/Dec/2023:12:33:38 +0000] "GET /nifi-api/flow/status HTTP/1.1" 200 217 "http://10.0.0.6:8080/nifi/" "Mozilla/5.0 (Windows NT 10.0; Win64; x64) AppleWebKit/537.36 (KHTML, like Gecko) Chrome/119.0.0.0 Safari/537.36"
10.0.0.7 - - [03/Dec/2023:12:33:38 +0000] "GET /nifi-api/flow/process-groups/2f95160a-018c-1000-457f-f9a1462e2e95?uiOnly=true HTTP/1.1" 200 3046 "http://10.0.0.6:8080/nifi/" "Mozilla/5.0 (Windows NT 10.0; Win64; x64) AppleWebKit/537.36 (KHTML, like Gecko) Chrome/119.0.0.0 Safari/537.36"
10.0.0.1 - - [03/Dec/2023:12:34:02 +0000] "GET /nifi-api/flow/status HTTP/1.1" 200 217 "http://localhost:8080/nifi/" "Mozilla/5.0 (Windows NT 10.0; Win64; x64) AppleWebKit/537.36 (KHTML, like Gecko) Chrome/118.0.0.0 Safari/537.36 OPR/104.0.0.0"
10.0.0.1 - - [03/Dec/2023:12:34:02 +0000] "GET /nifi-api/flow/current-user HTTP/1.1" 200 392 "http://localhost:8080/nifi/" "Mozilla/5.0 (Windows NT 10.0; Win64; x64) AppleWebKit/537.36 (KHTML, like Gecko) Chrome/118.0.0.0 Safari/537.36 OPR/104.0.0.0"
10.0.0.1 - - [03/Dec/2023:12:34:02 +0000] "GET /nifi-api/flow/controller/bulletins HTTP/1.1" 200 109 "http://localhost:8080/nifi/" "Mozilla/5.0 (Windows NT 10.0; Win64; x64) AppleWebKit/537.36 (KHTML, like Gecko) Chrome/118.0.0.0 Safari/537.36 OPR/104.0.0.0"
10.0.0.1 - - [03/Dec/2023:12:34:02 +0000] "GET /nifi-api/flow/cluster/summary HTTP/1.1" 200 93 "http://localhost:8080/nifi/" "Mozilla/5.0 (Windows NT 10.0; Win64; x64) AppleWebKit/537.36 (KHTML, like Gecko) Chrome/118.0.0.0 Safari/537.36 OPR/104.0.0.0"
10.0.0.1 - - [03/Dec/2023:12:34:02 +0000] "GET /nifi-api/flow/process-groups/2f95160a-018c-1000-457f-f9a1462e2e95?uiOnly=true HTTP/1.1" 200 3046 "http://localhost:8080/nifi/" "Mozilla/5.0 (Windows NT 10.0; Win64; x64) AppleWebKit/537.36 (KHTML, like Gecko) Chrome/118.0.0.0 Safari/537.36 OPR/104.0.0.0"
10.0.0.7 - - [03/Dec/2023:12:34:08 +0000] "GET /nifi-api/flow/controller/bulletins HTTP/1.1" 200 109 "http://10.0.0.6:8080/nifi/" "Mozilla/5.0 (Windows NT 10.0; Win64; x64) AppleWebKit/537.36 (KHTML, like Gecko) Chrome/119.0.0.0 Safari/537.36"
10.0.0.7 - - [03/Dec/2023:12:34:08 +0000] "GET /nifi-api/flow/cluster/summary HTTP/1.1" 200 93 "http://10.0.0.6:8080/nifi/" "Mozilla/5.0 (Windows NT 10.0; Win64; x64) AppleWebKit/537.36 (KHTML, like Gecko) Chrome/119.0.0.0 Safari/537.36"
10.0.0.7 - - [03/Dec/2023:12:34:08 +0000] "GET /nifi-api/flow/status HTTP/1.1" 200 217 "http://10.0.0.6:8080/nifi/" "Mozilla/5.0 (Windows NT 10.0; Win64; x64) AppleWebKit/537.36 (KHTML, like Gecko) Chrome/119.0.0.0 Safari/537.36"
10.0.0.7 - - [03/Dec/2023:12:34:08 +0000] "GET /nifi-api/flow/current-user HTTP/1.1" 200 392 "http://10.0.0.6:8080/nifi/" "Mozilla/5.0 (Windows NT 10.0; Win64; x64) AppleWebKit/537.36 (KHTML, like Gecko) Chrome/119.0.0.0 Safari/537.36"
10.0.0.7 - - [03/Dec/2023:12:34:08 +0000] "GET /nifi-api/flow/process-groups/2f95160a-018c-1000-457f-f9a1462e2e95?uiOnly=true HTTP/1.1" 200 3045 "http://10.0.0.6:8080/nifi/" "Mozilla/5.0 (Windows NT 10.0; Win64; x64) AppleWebKit/537.36 (KHTML, like Gecko) Chrome/119.0.0.0 Safari/537.36"
10.0.0.1 - - [03/Dec/2023:12:34:33 +0000] "GET /nifi-api/flow/current-user HTTP/1.1" 200 392 "http://localhost:8080/nifi/" "Mozilla/5.0 (Windows NT 10.0; Win64; x64) AppleWebKit/537.36 (KHTML, like Gecko) Chrome/118.0.0.0 Safari/537.36 OPR/104.0.0.0"
10.0.0.1 - - [03/Dec/2023:12:34:33 +0000] "GET /nifi-api/flow/controller/bulletins HTTP/1.1" 200 109 "http://localhost:8080/nifi/" "Mozilla/5.0 (Windows NT 10.0; Win64; x64) AppleWebKit/537.36 (KHTML, like Gecko) Chrome/118.0.0.0 Safari/537.36 OPR/104.0.0.0"
10.0.0.1 - - [03/Dec/2023:12:34:33 +0000] "GET /nifi-api/flow/status HTTP/1.1" 200 217 "http://localhost:8080/nifi/" "Mozilla/5.0 (Windows NT 10.0; Win64; x64) AppleWebKit/537.36 (KHTML, like Gecko) Chrome/118.0.0.0 Safari/537.36 OPR/104.0.0.0"
10.0.0.1 - - [03/Dec/2023:12:34:33 +0000] "GET /nifi-api/flow/cluster/summary HTTP/1.1" 200 93 "http://localhost:8080/nifi/" "Mozilla/5.0 (Windows NT 10.0; Win64; x64) AppleWebKit/537.36 (KHTML, like Gecko) Chrome/118.0.0.0 Safari/537.36 OPR/104.0.0.0"
10.0.0.1 - - [03/Dec/2023:12:34:33 +0000] "GET /nifi-api/flow/process-groups/2f95160a-018c-1000-457f-f9a1462e2e95?uiOnly=true HTTP/1.1" 200 3046 "http://localhost:8080/nifi/" "Mozilla/5.0 (Windows NT 10.0; Win64; x64) AppleWebKit/537.36 (KHTML, like Gecko) Chrome/118.0.0.0 Safari/537.36 OPR/104.0.0.0"
10.0.0.7 - - [03/Dec/2023:12:34:38 +0000] "GET /nifi-api/flow/current-user HTTP/1.1" 200 392 "http://10.0.0.6:8080/nifi/" "Mozilla/5.0 (Windows NT 10.0; Win64; x64) AppleWebKit/537.36 (KHTML, like Gecko) Chrome/119.0.0.0 Safari/537.36"
10.0.0.7 - - [03/Dec/2023:12:34:38 +0000] "GET /nifi-api/flow/status HTTP/1.1" 200 217 "http://10.0.0.6:8080/nifi/" "Mozilla/5.0 (Windows NT 10.0; Win64; x64) AppleWebKit/537.36 (KHTML, like Gecko) Chrome/119.0.0.0 Safari/537.36"
10.0.0.7 - - [03/Dec/2023:12:34:38 +0000] "GET /nifi-api/flow/process-groups/2f95160a-018c-1000-457f-f9a1462e2e95?uiOnly=true HTTP/1.1" 200 3046 "http://10.0.0.6:8080/nifi/" "Mozilla/5.0 (Windows NT 10.0; Win64; x64) AppleWebKit/537.36 (KHTML, like Gecko) Chrome/119.0.0.0 Safari/537.36"
10.0.0.7 - - [03/Dec/2023:12:34:38 +0000] "GET /nifi-api/flow/controller/bulletins HTTP/1.1" 200 109 "http://10.0.0.6:8080/nifi/" "Mozilla/5.0 (Windows NT 10.0; Win64; x64) AppleWebKit/537.36 (KHTML, like Gecko) Chrome/119.0.0.0 Safari/537.36"
10.0.0.7 - - [03/Dec/2023:12:34:38 +0000] "GET /nifi-api/flow/cluster/summary HTTP/1.1" 200 93 "http://10.0.0.6:8080/nifi/" "Mozilla/5.0 (Windows NT 10.0; Win64; x64) AppleWebKit/537.36 (KHTML, like Gecko) Chrome/119.0.0.0 Safari/537.36"
10.0.0.1 - - [03/Dec/2023:12:35:04 +0000] "GET /nifi-api/flow/status HTTP/1.1" 200 217 "http://localhost:8080/nifi/" "Mozilla/5.0 (Windows NT 10.0; Win64; x64) AppleWebKit/537.36 (KHTML, like Gecko) Chrome/118.0.0.0 Safari/537.36 OPR/104.0.0.0"
10.0.0.1 - - [03/Dec/2023:12:35:04 +0000] "GET /nifi-api/flow/cluster/summary HTTP/1.1" 200 93 "http://localhost:8080/nifi/" "Mozilla/5.0 (Windows NT 10.0; Win64; x64) AppleWebKit/537.36 (KHTML, like Gecko) Chrome/118.0.0.0 Safari/537.36 OPR/104.0.0.0"
10.0.0.1 - - [03/Dec/2023:12:35:04 +0000] "GET /nifi-api/flow/current-user HTTP/1.1" 200 392 "http://localhost:8080/nifi/" "Mozilla/5.0 (Windows NT 10.0; Win64; x64) AppleWebKit/537.36 (KHTML, like Gecko) Chrome/118.0.0.0 Safari/537.36 OPR/104.0.0.0"
10.0.0.1 - - [03/Dec/2023:12:35:04 +0000] "GET /nifi-api/flow/controller/bulletins HTTP/1.1" 200 109 "http://localhost:8080/nifi/" "Mozilla/5.0 (Windows NT 10.0; Win64; x64) AppleWebKit/537.36 (KHTML, like Gecko) Chrome/118.0.0.0 Safari/537.36 OPR/104.0.0.0"
10.0.0.1 - - [03/Dec/2023:12:35:04 +0000] "GET /nifi-api/flow/process-groups/2f95160a-018c-1000-457f-f9a1462e2e95?uiOnly=true HTTP/1.1" 200 3046 "http://localhost:8080/nifi/" "Mozilla/5.0 (Windows NT 10.0; Win64; x64) AppleWebKit/537.36 (KHTML, like Gecko) Chrome/118.0.0.0 Safari/537.36 OPR/104.0.0.0"
10.0.0.7 - - [03/Dec/2023:12:35:08 +0000] "GET /nifi-api/flow/current-user HTTP/1.1" 200 392 "http://10.0.0.6:8080/nifi/" "Mozilla/5.0 (Windows NT 10.0; Win64; x64) AppleWebKit/537.36 (KHTML, like Gecko) Chrome/119.0.0.0 Safari/537.36"
10.0.0.7 - - [03/Dec/2023:12:35:08 +0000] "GET /nifi-api/flow/controller/bulletins HTTP/1.1" 200 109 "http://10.0.0.6:8080/nifi/" "Mozilla/5.0 (Windows NT 10.0; Win64; x64) AppleWebKit/537.36 (KHTML, like Gecko) Chrome/119.0.0.0 Safari/537.36"
10.0.0.7 - - [03/Dec/2023:12:35:08 +0000] "GET /nifi-api/flow/status HTTP/1.1" 200 217 "http://10.0.0.6:8080/nifi/" "Mozilla/5.0 (Windows NT 10.0; Win64; x64) AppleWebKit/537.36 (KHTML, like Gecko) Chrome/119.0.0.0 Safari/537.36"
10.0.0.7 - - [03/Dec/2023:12:35:08 +0000] "GET /nifi-api/flow/cluster/summary HTTP/1.1" 200 93 "http://10.0.0.6:8080/nifi/" "Mozilla/5.0 (Windows NT 10.0; Win64; x64) AppleWebKit/537.36 (KHTML, like Gecko) Chrome/119.0.0.0 Safari/537.36"
10.0.0.7 - - [03/Dec/2023:12:35:08 +0000] "GET /nifi-api/flow/process-groups/2f95160a-018c-1000-457f-f9a1462e2e95?uiOnly=true HTTP/1.1" 200 3045 "http://10.0.0.6:8080/nifi/" "Mozilla/5.0 (Windows NT 10.0; Win64; x64) AppleWebKit/537.36 (KHTML, like Gecko) Chrome/119.0.0.0 Safari/537.36"
10.0.0.1 - - [03/Dec/2023:12:35:35 +0000] "GET /nifi-api/flow/controller/bulletins HTTP/1.1" 200 109 "http://localhost:8080/nifi/" "Mozilla/5.0 (Windows NT 10.0; Win64; x64) AppleWebKit/537.36 (KHTML, like Gecko) Chrome/118.0.0.0 Safari/537.36 OPR/104.0.0.0"
10.0.0.1 - - [03/Dec/2023:12:35:35 +0000] "GET /nifi-api/flow/status HTTP/1.1" 200 217 "http://localhost:8080/nifi/" "Mozilla/5.0 (Windows NT 10.0; Win64; x64) AppleWebKit/537.36 (KHTML, like Gecko) Chrome/118.0.0.0 Safari/537.36 OPR/104.0.0.0"
10.0.0.1 - - [03/Dec/2023:12:35:35 +0000] "GET /nifi-api/flow/cluster/summary HTTP/1.1" 200 93 "http://localhost:8080/nifi/" "Mozilla/5.0 (Windows NT 10.0; Win64; x64) AppleWebKit/537.36 (KHTML, like Gecko) Chrome/118.0.0.0 Safari/537.36 OPR/104.0.0.0"
10.0.0.1 - - [03/Dec/2023:12:35:35 +0000] "GET /nifi-api/flow/current-user HTTP/1.1" 200 392 "http://localhost:8080/nifi/" "Mozilla/5.0 (Windows NT 10.0; Win64; x64) AppleWebKit/537.36 (KHTML, like Gecko) Chrome/118.0.0.0 Safari/537.36 OPR/104.0.0.0"
10.0.0.1 - - [03/Dec/2023:12:35:35 +0000] "GET /nifi-api/flow/process-groups/2f95160a-018c-1000-457f-f9a1462e2e95?uiOnly=true HTTP/1.1" 200 1571 "http://localhost:8080/nifi/" "Mozilla/5.0 (Windows NT 10.0; Win64; x64) AppleWebKit/537.36 (KHTML, like Gecko) Chrome/118.0.0.0 Safari/537.36 OPR/104.0.0.0"
10.0.0.7 - - [03/Dec/2023:12:35:38 +0000] "GET /nifi-api/flow/cluster/summary HTTP/1.1" 200 93 "http://10.0.0.6:8080/nifi/" "Mozilla/5.0 (Windows NT 10.0; Win64; x64) AppleWebKit/537.36 (KHTML, like Gecko) Chrome/119.0.0.0 Safari/537.36"
10.0.0.7 - - [03/Dec/2023:12:35:38 +0000] "GET /nifi-api/flow/controller/bulletins HTTP/1.1" 200 109 "http://10.0.0.6:8080/nifi/" "Mozilla/5.0 (Windows NT 10.0; Win64; x64) AppleWebKit/537.36 (KHTML, like Gecko) Chrome/119.0.0.0 Safari/537.36"
10.0.0.7 - - [03/Dec/2023:12:35:38 +0000] "GET /nifi-api/flow/status HTTP/1.1" 200 217 "http://10.0.0.6:8080/nifi/" "Mozilla/5.0 (Windows NT 10.0; Win64; x64) AppleWebKit/537.36 (KHTML, like Gecko) Chrome/119.0.0.0 Safari/537.36"
10.0.0.7 - - [03/Dec/2023:12:35:38 +0000] "GET /nifi-api/flow/current-user HTTP/1.1" 200 392 "http://10.0.0.6:8080/nifi/" "Mozilla/5.0 (Windows NT 10.0; Win64; x64) AppleWebKit/537.36 (KHTML, like Gecko) Chrome/119.0.0.0 Safari/537.36"
10.0.0.7 - - [03/Dec/2023:12:35:38 +0000] "GET /nifi-api/flow/process-groups/2f95160a-018c-1000-457f-f9a1462e2e95?uiOnly=true HTTP/1.1" 200 1571 "http://10.0.0.6:8080/nifi/" "Mozilla/5.0 (Windows NT 10.0; Win64; x64) AppleWebKit/537.36 (KHTML, like Gecko) Chrome/119.0.0.0 Safari/537.36"
10.0.0.1 - - [03/Dec/2023:12:36:06 +0000] "GET /nifi-api/flow/status HTTP/1.1" 200 217 "http://localhost:8080/nifi/" "Mozilla/5.0 (Windows NT 10.0; Win64; x64) AppleWebKit/537.36 (KHTML, like Gecko) Chrome/118.0.0.0 Safari/537.36 OPR/104.0.0.0"
10.0.0.1 - - [03/Dec/2023:12:36:06 +0000] "GET /nifi-api/flow/controller/bulletins HTTP/1.1" 200 109 "http://localhost:8080/nifi/" "Mozilla/5.0 (Windows NT 10.0; Win64; x64) AppleWebKit/537.36 (KHTML, like Gecko) Chrome/118.0.0.0 Safari/537.36 OPR/104.0.0.0"
10.0.0.1 - - [03/Dec/2023:12:36:06 +0000] "GET /nifi-api/flow/current-user HTTP/1.1" 200 392 "http://localhost:8080/nifi/" "Mozilla/5.0 (Windows NT 10.0; Win64; x64) AppleWebKit/537.36 (KHTML, like Gecko) Chrome/118.0.0.0 Safari/537.36 OPR/104.0.0.0"
10.0.0.1 - - [03/Dec/2023:12:36:06 +0000] "GET /nifi-api/flow/cluster/summary HTTP/1.1" 200 93 "http://localhost:8080/nifi/" "Mozilla/5.0 (Windows NT 10.0; Win64; x64) AppleWebKit/537.36 (KHTML, like Gecko) Chrome/118.0.0.0 Safari/537.36 OPR/104.0.0.0"
10.0.0.1 - - [03/Dec/2023:12:36:06 +0000] "GET /nifi-api/flow/process-groups/2f95160a-018c-1000-457f-f9a1462e2e95?uiOnly=true HTTP/1.1" 200 1571 "http://localhost:8080/nifi/" "Mozilla/5.0 (Windows NT 10.0; Win64; x64) AppleWebKit/537.36 (KHTML, like Gecko) Chrome/118.0.0.0 Safari/537.36 OPR/104.0.0.0"
10.0.0.7 - - [03/Dec/2023:12:36:08 +0000] "GET /nifi-api/flow/status HTTP/1.1" 200 217 "http://10.0.0.6:8080/nifi/" "Mozilla/5.0 (Windows NT 10.0; Win64; x64) AppleWebKit/537.36 (KHTML, like Gecko) Chrome/119.0.0.0 Safari/537.36"
10.0.0.7 - - [03/Dec/2023:12:36:08 +0000] "GET /nifi-api/flow/current-user HTTP/1.1" 200 392 "http://10.0.0.6:8080/nifi/" "Mozilla/5.0 (Windows NT 10.0; Win64; x64) AppleWebKit/537.36 (KHTML, like Gecko) Chrome/119.0.0.0 Safari/537.36"
10.0.0.7 - - [03/Dec/2023:12:36:08 +0000] "GET /nifi-api/flow/cluster/summary HTTP/1.1" 200 93 "http://10.0.0.6:8080/nifi/" "Mozilla/5.0 (Windows NT 10.0; Win64; x64) AppleWebKit/537.36 (KHTML, like Gecko) Chrome/119.0.0.0 Safari/537.36"
10.0.0.7 - - [03/Dec/2023:12:36:08 +0000] "GET /nifi-api/flow/controller/bulletins HTTP/1.1" 200 109 "http://10.0.0.6:8080/nifi/" "Mozilla/5.0 (Windows NT 10.0; Win64; x64) AppleWebKit/537.36 (KHTML, like Gecko) Chrome/119.0.0.0 Safari/537.36"
10.0.0.7 - - [03/Dec/2023:12:36:08 +0000] "GET /nifi-api/flow/process-groups/2f95160a-018c-1000-457f-f9a1462e2e95?uiOnly=true HTTP/1.1" 200 1570 "http://10.0.0.6:8080/nifi/" "Mozilla/5.0 (Windows NT 10.0; Win64; x64) AppleWebKit/537.36 (KHTML, like Gecko) Chrome/119.0.0.0 Safari/537.36"
10.0.0.1 - - [03/Dec/2023:12:36:37 +0000] "GET /nifi-api/flow/status HTTP/1.1" 200 217 "http://localhost:8080/nifi/" "Mozilla/5.0 (Windows NT 10.0; Win64; x64) AppleWebKit/537.36 (KHTML, like Gecko) Chrome/118.0.0.0 Safari/537.36 OPR/104.0.0.0"
10.0.0.1 - - [03/Dec/2023:12:36:37 +0000] "GET /nifi-api/flow/cluster/summary HTTP/1.1" 200 93 "http://localhost:8080/nifi/" "Mozilla/5.0 (Windows NT 10.0; Win64; x64) AppleWebKit/537.36 (KHTML, like Gecko) Chrome/118.0.0.0 Safari/537.36 OPR/104.0.0.0"
10.0.0.1 - - [03/Dec/2023:12:36:37 +0000] "GET /nifi-api/flow/controller/bulletins HTTP/1.1" 200 109 "http://localhost:8080/nifi/" "Mozilla/5.0 (Windows NT 10.0; Win64; x64) AppleWebKit/537.36 (KHTML, like Gecko) Chrome/118.0.0.0 Safari/537.36 OPR/104.0.0.0"
10.0.0.1 - - [03/Dec/2023:12:36:37 +0000] "GET /nifi-api/flow/current-user HTTP/1.1" 200 392 "http://localhost:8080/nifi/" "Mozilla/5.0 (Windows NT 10.0; Win64; x64) AppleWebKit/537.36 (KHTML, like Gecko) Chrome/118.0.0.0 Safari/537.36 OPR/104.0.0.0"
10.0.0.1 - - [03/Dec/2023:12:36:37 +0000] "GET /nifi-api/flow/process-groups/2f95160a-018c-1000-457f-f9a1462e2e95?uiOnly=true HTTP/1.1" 200 1571 "http://localhost:8080/nifi/" "Mozilla/5.0 (Windows NT 10.0; Win64; x64) AppleWebKit/537.36 (KHTML, like Gecko) Chrome/118.0.0.0 Safari/537.36 OPR/104.0.0.0"
10.0.0.7 - - [03/Dec/2023:12:36:38 +0000] "GET /nifi-api/flow/controller/bulletins HTTP/1.1" 200 109 "http://10.0.0.6:8080/nifi/" "Mozilla/5.0 (Windows NT 10.0; Win64; x64) AppleWebKit/537.36 (KHTML, like Gecko) Chrome/119.0.0.0 Safari/537.36"
10.0.0.7 - - [03/Dec/2023:12:36:38 +0000] "GET /nifi-api/flow/status HTTP/1.1" 200 217 "http://10.0.0.6:8080/nifi/" "Mozilla/5.0 (Windows NT 10.0; Win64; x64) AppleWebKit/537.36 (KHTML, like Gecko) Chrome/119.0.0.0 Safari/537.36"
10.0.0.7 - - [03/Dec/2023:12:36:38 +0000] "GET /nifi-api/flow/current-user HTTP/1.1" 200 392 "http://10.0.0.6:8080/nifi/" "Mozilla/5.0 (Windows NT 10.0; Win64; x64) AppleWebKit/537.36 (KHTML, like Gecko) Chrome/119.0.0.0 Safari/537.36"
10.0.0.7 - - [03/Dec/2023:12:36:38 +0000] "GET /nifi-api/flow/cluster/summary HTTP/1.1" 200 93 "http://10.0.0.6:8080/nifi/" "Mozilla/5.0 (Windows NT 10.0; Win64; x64) AppleWebKit/537.36 (KHTML, like Gecko) Chrome/119.0.0.0 Safari/537.36"
10.0.0.7 - - [03/Dec/2023:12:36:38 +0000] "GET /nifi-api/flow/process-groups/2f95160a-018c-1000-457f-f9a1462e2e95?uiOnly=true HTTP/1.1" 200 1570 "http://10.0.0.6:8080/nifi/" "Mozilla/5.0 (Windows NT 10.0; Win64; x64) AppleWebKit/537.36 (KHTML, like Gecko) Chrome/119.0.0.0 Safari/537.36"
10.0.0.1 - - [03/Dec/2023:12:37:08 +0000] "GET /nifi-api/flow/status HTTP/1.1" 200 217 "http://localhost:8080/nifi/" "Mozilla/5.0 (Windows NT 10.0; Win64; x64) AppleWebKit/537.36 (KHTML, like Gecko) Chrome/118.0.0.0 Safari/537.36 OPR/104.0.0.0"
10.0.0.1 - - [03/Dec/2023:12:37:08 +0000] "GET /nifi-api/flow/current-user HTTP/1.1" 200 392 "http://localhost:8080/nifi/" "Mozilla/5.0 (Windows NT 10.0; Win64; x64) AppleWebKit/537.36 (KHTML, like Gecko) Chrome/118.0.0.0 Safari/537.36 OPR/104.0.0.0"
10.0.0.1 - - [03/Dec/2023:12:37:08 +0000] "GET /nifi-api/flow/cluster/summary HTTP/1.1" 200 93 "http://localhost:8080/nifi/" "Mozilla/5.0 (Windows NT 10.0; Win64; x64) AppleWebKit/537.36 (KHTML, like Gecko) Chrome/118.0.0.0 Safari/537.36 OPR/104.0.0.0"
10.0.0.1 - - [03/Dec/2023:12:37:08 +0000] "GET /nifi-api/flow/controller/bulletins HTTP/1.1" 200 109 "http://localhost:8080/nifi/" "Mozilla/5.0 (Windows NT 10.0; Win64; x64) AppleWebKit/537.36 (KHTML, like Gecko) Chrome/118.0.0.0 Safari/537.36 OPR/104.0.0.0"
10.0.0.1 - - [03/Dec/2023:12:37:08 +0000] "GET /nifi-api/flow/process-groups/2f95160a-018c-1000-457f-f9a1462e2e95?uiOnly=true HTTP/1.1" 200 1571 "http://localhost:8080/nifi/" "Mozilla/5.0 (Windows NT 10.0; Win64; x64) AppleWebKit/537.36 (KHTML, like Gecko) Chrome/118.0.0.0 Safari/537.36 OPR/104.0.0.0"
10.0.0.7 - - [03/Dec/2023:12:37:09 +0000] "GET /nifi-api/flow/controller/bulletins HTTP/1.1" 200 109 "http://10.0.0.6:8080/nifi/" "Mozilla/5.0 (Windows NT 10.0; Win64; x64) AppleWebKit/537.36 (KHTML, like Gecko) Chrome/119.0.0.0 Safari/537.36"
10.0.0.7 - - [03/Dec/2023:12:37:09 +0000] "GET /nifi-api/flow/status HTTP/1.1" 200 217 "http://10.0.0.6:8080/nifi/" "Mozilla/5.0 (Windows NT 10.0; Win64; x64) AppleWebKit/537.36 (KHTML, like Gecko) Chrome/119.0.0.0 Safari/537.36"
10.0.0.7 - - [03/Dec/2023:12:37:09 +0000] "GET /nifi-api/flow/cluster/summary HTTP/1.1" 200 93 "http://10.0.0.6:8080/nifi/" "Mozilla/5.0 (Windows NT 10.0; Win64; x64) AppleWebKit/537.36 (KHTML, like Gecko) Chrome/119.0.0.0 Safari/537.36"
10.0.0.7 - - [03/Dec/2023:12:37:09 +0000] "GET /nifi-api/flow/current-user HTTP/1.1" 200 392 "http://10.0.0.6:8080/nifi/" "Mozilla/5.0 (Windows NT 10.0; Win64; x64) AppleWebKit/537.36 (KHTML, like Gecko) Chrome/119.0.0.0 Safari/537.36"
